[shawnmullaney.my-free.website/index.html]
[backblue.gif]
[fade.gif]
[index.html]
[shawnmullaney.my-free.website/home.3ab5b528.js]
[shawnmullaney.my-free.website/s/cdn/v1.0/i/ma32b.jpg]
[shawnmullaney.my-free.website/s/cdn/v1.0/i/me87b.png]
[shawnmullaney.my-free.website/gallery.html]
[shawnmullaney.my-free.website/location.html]
[shawnmullaney.my-free.website/s/cdn/v1.0/i/mc04e.jpg]
[shawnmullaney.my-free.website/contact-us.html]
[shawnmullaney.my-free.website/f512d032f7333941da00a88ce66efb9d.svg]
[shawnmullaney.my-free.website/facebook]
[shawnmullaney.my-free.website/twitter]
[shawnmullaney.my-free.website/instagram]
[shawnmullaney.my-free.website/cdn-cgi/l/email-protection.html]
[shawnmullaney.my-free.website/cdn-cgi/scripts/5c5dd728/cloudflare-static/email-decode.min.js]
[shawnmullaney.my-free.website/index.html]
[shawnmullaney.my-free.website/gallery.d714d5a6.js]
[shawnmullaney.my-free.website/s/cdn/v1.0/i/m662d.jpg]
[shawnmullaney.my-free.website/s/cdn/v1.0/i/m8fd5.jpg]
[shawnmullaney.my-free.website/s/cdn/v1.0/i/md7a5.jpg]
[shawnmullaney.my-free.website/s/cdn/v1.0/i/mae9d.jpg]
[shawnmullaney.my-free.website/s/cdn/v1.0/i/me5b2.jpg]
[shawnmullaney.my-free.website/s/cdn/v1.0/i/m5f1c.jpg]
[shawnmullaney.my-free.website/gallery.html]
[shawnmullaney.my-free.website/location.6d8db010.js]
[shawnmullaney.my-free.website/s/cdn/v1.0/i/m985f.jpg]
[shawnmullaney.my-free.website/location.html]
[shawnmullaney.my-free.website/contact-us.7717f6d1.js]
[shawnmullaney.my-free.website/s/cdn/v1.0/i/mfc23.jpg]
[shawnmullaney.my-free.website/contact-us.html]
[shawnmullaney.my-free.website/f512d032f7333941da00a88ce66efb9d.html]
[shawnmullaney.my-free.website/facebook.html]
[shawnmullaney.my-free.website/twitter.html]
[shawnmullaney.my-free.website/instagram.html]
[shawnmullaney.my-free.website/cdn-cgi/l/email-protection.html]
